[C:/Users/Andrea/Desktop/Siti/Nuova attività/go-tailwind.preview.uideck.com/ws/index.js]
[C:/Users/Andrea/Desktop/Siti/Nuova attività/go-tailwind.preview.uideck.com/next.1.delayed]
[C:/Users/Andrea/Desktop/Siti/Nuova attività/backblue.gif]
[C:/Users/Andrea/Desktop/Siti/Nuova attività/fade.gif]
[C:/Users/Andrea/Desktop/Siti/Nuova attività/index.html]
[C:/Users/Andrea/Desktop/Siti/Nuova attività/go-tailwind.preview.uideck.com/favicon.ico]
[C:/Users/Andrea/Desktop/Siti/Nuova attività/go-tailwind.preview.uideck.com/style.css]
[C:/Users/Andrea/Desktop/Siti/Nuova attività/go-tailwind.preview.uideck.com/src/images/logo/logo-dark.svg]
[C:/Users/Andrea/Desktop/Siti/Nuova attività/go-tailwind.preview.uideck.com/src/images/logo/logo-light.svg]
[C:/Users/Andrea/Desktop/Siti/Nuova attività/go-tailwind.preview.uideck.com/blog-grids.html]
[C:/Users/Andrea/Desktop/Siti/Nuova attività/go-tailwind.preview.uideck.com/blog-details.html]
[C:/Users/Andrea/Desktop/Siti/Nuova attività/go-tailwind.preview.uideck.com/404.html]
[C:/Users/Andrea/Desktop/Siti/Nuova attività/go-tailwind.preview.uideck.com/signin.html]
[C:/Users/Andrea/Desktop/Siti/Nuova attività/go-tailwind.preview.uideck.com/signup.html]
[C:/Users/Andrea/Desktop/Siti/Nuova attività/go-tailwind.preview.uideck.com/src/images/hero/image-2.jpg]
[C:/Users/Andrea/Desktop/Siti/Nuova attività/go-tailwind.preview.uideck.com/src/images/hero/image-1.jpg]
[C:/Users/Andrea/Desktop/Siti/Nuova attività/go-tailwind.preview.uideck.com/src/images/about/image-1.jpg]
[C:/Users/Andrea/Desktop/Siti/Nuova attività/go-tailwind.preview.uideck.com/src/images/about/image-2.jpg]
[C:/Users/Andrea/Desktop/Siti/Nuova attività/go-tailwind.preview.uideck.com/src/images/team/image-1.jpg]
[C:/Users/Andrea/Desktop/Siti/Nuova attività/go-tailwind.preview.uideck.com/src/images/team/image-2.jpg]
[C:/Users/Andrea/Desktop/Siti/Nuova attività/go-tailwind.preview.uideck.com/src/images/team/image-3.jpg]
[C:/Users/Andrea/Desktop/Siti/Nuova attività/go-tailwind.preview.uideck.com/src/images/portfolio/image-1.jpg]
[C:/Users/Andrea/Desktop/Siti/Nuova attività/go-tailwind.preview.uideck.com/src/images/portfolio/image-2.jpg]
[C:/Users/Andrea/Desktop/Siti/Nuova attività/go-tailwind.preview.uideck.com/src/images/portfolio/image-3.jpg]
[C:/Users/Andrea/Desktop/Siti/Nuova attività/go-tailwind.preview.uideck.com/src/images/portfolio/image-4.jpg]
[C:/Users/Andrea/Desktop/Siti/Nuova attività/go-tailwind.preview.uideck.com/src/images/testimonial/image-1.jpg]
[C:/Users/Andrea/Desktop/Siti/Nuova attività/go-tailwind.preview.uideck.com/src/images/brands/uideck.svg]
[C:/Users/Andrea/Desktop/Siti/Nuova attività/go-tailwind.preview.uideck.com/src/images/brands/uideck-2.svg]
[C:/Users/Andrea/Desktop/Siti/Nuova attività/go-tailwind.preview.uideck.com/src/images/brands/tailadmin.svg]
[C:/Users/Andrea/Desktop/Siti/Nuova attività/go-tailwind.preview.uideck.com/src/images/brands/tailadmin-2.svg]
[C:/Users/Andrea/Desktop/Siti/Nuova attività/go-tailwind.preview.uideck.com/src/images/brands/graygrids.svg]
[C:/Users/Andrea/Desktop/Siti/Nuova attività/go-tailwind.preview.uideck.com/src/images/brands/graygrids-2.svg]
[C:/Users/Andrea/Desktop/Siti/Nuova attività/go-tailwind.preview.uideck.com/src/images/brands/lineicons.svg]
[C:/Users/Andrea/Desktop/Siti/Nuova attività/go-tailwind.preview.uideck.com/src/images/brands/lineicons-2.svg]
[C:/Users/Andrea/Desktop/Siti/Nuova attività/go-tailwind.preview.uideck.com/src/images/brands/plainadmin.svg]
[C:/Users/Andrea/Desktop/Siti/Nuova attività/go-tailwind.preview.uideck.com/src/images/brands/plainadmin-2.svg]
[C:/Users/Andrea/Desktop/Siti/Nuova attività/go-tailwind.preview.uideck.com/src/images/blog/image-1.jpg]
[C:/Users/Andrea/Desktop/Siti/Nuova attività/go-tailwind.preview.uideck.com/src/images/blog/image-2.jpg]
[C:/Users/Andrea/Desktop/Siti/Nuova attività/go-tailwind.preview.uideck.com/src/images/blog/image-3.jpg]
[C:/Users/Andrea/Desktop/Siti/Nuova attività/go-tailwind.preview.uideck.com/cdn-cgi/l/email-protection.html]
[C:/Users/Andrea/Desktop/Siti/Nuova attività/go-tailwind.preview.uideck.com/bundle.js]
[C:/Users/Andrea/Desktop/Siti/Nuova attività/go-tailwind.preview.uideck.com/index.html]
[C:/Users/Andrea/Desktop/Siti/Nuova attività/go-tailwind.preview.uideck.com/ws/index.html]
[C:/Users/Andrea/Desktop/Siti/Nuova attività/go-tailwind.preview.uideck.com/next.html]
[C:/Users/Andrea/Desktop/Siti/Nuova attività/go-tailwind.preview.uideck.com/style.css]
[C:/Users/Andrea/Desktop/Siti/Nuova attività/go-tailwind.preview.uideck.com/src/images/logo/logo-dark.svg]
[C:/Users/Andrea/Desktop/Siti/Nuova attività/go-tailwind.preview.uideck.com/src/images/logo/logo-light.svg]
[C:/Users/Andrea/Desktop/Siti/Nuova attività/go-tailwind.preview.uideck.com/src/images/NoisePattern.svg]
[C:/Users/Andrea/Desktop/Siti/Nuova attività/go-tailwind.preview.uideck.com/blog-grids.html]
[C:/Users/Andrea/Desktop/Siti/Nuova attività/go-tailwind.preview.uideck.com/_/images/blog/blog-details.jpg_]
[C:/Users/Andrea/Desktop/Siti/Nuova attività/go-tailwind.preview.uideck.com/_/images/blog/NoisePatern.svg_]
[C:/Users/Andrea/Desktop/Siti/Nuova attività/go-tailwind.preview.uideck.com/src/images/blog/author.png]
[C:/Users/Andrea/Desktop/Siti/Nuova attività/go-tailwind.preview.uideck.com/src/images/blog/blog-details-2.jpg]
[C:/Users/Andrea/Desktop/Siti/Nuova attività/go-tailwind.preview.uideck.com/blog-details.html]
[C:/Users/Andrea/Desktop/Siti/Nuova attività/go-tailwind.preview.uideck.com/404.html]
[C:/Users/Andrea/Desktop/Siti/Nuova attività/go-tailwind.preview.uideck.com/signin.html]
[C:/Users/Andrea/Desktop/Siti/Nuova attività/go-tailwind.preview.uideck.com/signup.html]
[C:/Users/Andrea/Desktop/Siti/Nuova attività/go-tailwind.preview.uideck.com/src/images/brands/uideck.svg]
[C:/Users/Andrea/Desktop/Siti/Nuova attività/go-tailwind.preview.uideck.com/src/images/brands/uideck-2.svg]
[C:/Users/Andrea/Desktop/Siti/Nuova attività/go-tailwind.preview.uideck.com/src/images/brands/tailadmin.svg]
[C:/Users/Andrea/Desktop/Siti/Nuova attività/go-tailwind.preview.uideck.com/src/images/brands/tailadmin-2.svg]
[C:/Users/Andrea/Desktop/Siti/Nuova attività/go-tailwind.preview.uideck.com/src/images/brands/graygrids.svg]
[C:/Users/Andrea/Desktop/Siti/Nuova attività/go-tailwind.preview.uideck.com/src/images/brands/graygrids-2.svg]
[C:/Users/Andrea/Desktop/Siti/Nuova attività/go-tailwind.preview.uideck.com/src/images/brands/lineicons.svg]
[C:/Users/Andrea/Desktop/Siti/Nuova attività/go-tailwind.preview.uideck.com/src/images/brands/lineicons-2.svg]
[C:/Users/Andrea/Desktop/Siti/Nuova attività/go-tailwind.preview.uideck.com/src/images/brands/plainadmin.svg]
[C:/Users/Andrea/Desktop/Siti/Nuova attività/go-tailwind.preview.uideck.com/src/images/brands/plainadmin-2.svg]
[C:/Users/Andrea/Desktop/Siti/Nuova attività/go-tailwind.preview.uideck.com/cdn-cgi/l/email-protection.html]
[C:/Users/Andrea/Desktop/Siti/Nuova attività/go-tailwind.preview.uideck.com/cdn-cgi/scripts/5c5dd728/cloudflare-static/email-decode.min.js]
[C:/Users/Andrea/Desktop/Siti/Nuova attività/go-tailwind.preview.uideck.com/cdn-cgi/challenge-platform/h/b/scripts/jsd/bbfecc7f1c71/maind41d.js]
[C:/Users/Andrea/Desktop/Siti/Nuova attività/go-tailwind.preview.uideck.com/src/images/NoisePattern.svg]
[C:/Users/Andrea/Desktop/Siti/Nuova attività/go-tailwind.preview.uideck.com/_/images/blog/blog-details.html]
[C:/Users/Andrea/Desktop/Siti/Nuova attività/go-tailwind.preview.uideck.com/_/images/blog/NoisePatern.html]
